Microchip MPLAB XC8 Compiler V1.44 ()

Linker command line:

-W-3 --edf=C:\Program Files (x86)\Microchip\xc8\v1.44\dat\en_msgs.txt -cs \
  -h+dist/default/debug\lab11.X.debug.sym \
  --cmf=dist/default/debug\lab11.X.debug.cmf -z -Q18F4520 \
  -oC:\Users\使用者\AppData\Local\Temp\s7r0.2 \
  -Mdist/default/debug/lab11.X.debug.map -E1 -ver=XC8 --acfsm=1493 \
  -ASTACK=0FAh-05eeh -pstack=STACK -ACODE=00h-07CFFh -ACONST=00h-07CFFh \
  -ASMALLCONST=0600h-06FFhx119 -AMEDIUMCONST=0600h-07CFFh -ACOMRAM=01h-07Fh \
  -AABS1=00h-05EEh -ABIGRAM=01h-05EEh \
  -ARAM=080h-0FFh,0100h-01FFhx4,0500h-05EEh -ABANK0=080h-0FFh \
  -ABANK1=0100h-01FFh -ABANK2=0200h-02FFh -ABANK3=0300h-03FFh \
  -ABANK4=0400h-04FFh -ABANK5=0500h-05EEh \
  -ASFR=0F80h-0F9Bh,0F9Dh-0FD3h,0FD5h-0FDAh,0FE0h-0FE2h,0FE8h-0FEAh,0FF0h-0FFBh \
  -preset_vec=00h,intcode=08h,intcodelo=018h,powerup,init -pramtop=0600h \
  -psmallconst=SMALLCONST -pmediumconst=MEDIUMCONST -pconst=CONST \
  -AFARRAM=00h-00h -ACONFIG=0300000h-030000Dh -pconfig=CONFIG \
  -AIDLOC=0200000h-0200007h -pidloc=IDLOC -AEEDATA=0F00000h-0F000FFh \
  -peeprom_data=EEDATA \
  -prdata=COMRAM,nvrram=COMRAM,nvbit=COMRAM,rbss=COMRAM,rbit=COMRAM \
  -pfarbss=FARRAM,fardata=FARRAM,nvFARRAM=FARRAM \
  -pintsave_regs=BIGRAM,bigbss=BIGRAM,bigdata=BIGRAM -pbss=RAM \
  -pidata=CODE,irdata=CODE,ibigdata=CODE,ifardata=CODE -prparam=COMRAM \
  C:\Users\使用者\AppData\Local\Temp\s7r0.obj \
  dist/default/debug\lab11.X.debug.obj 

Object code version is 3.11

Machine type is 18F4520

Call graph: (short form)




                Name                               Link     Load   Length Selector   Space Scale
C:\Users\使用者\AppData\Local\Temp\s7r0.obj
                init                                 D8       D8        4        C       0
                reset_vec                             0        0        6        0       0
                idloc                            200000   200000        8   200000       0
                config                           300000   300000        E   300000       0
dist/default/debug\lab11.X.debug.obj
                intcodelo                            18       18       C0        C       0
                intcode                               8        8        6        4       0
                temp                                 52       52        1        1       1
                smallconst                          600      600       A2      300       0
                intcode_body                       20F6     20F6       A6      351       0
                text33                             2680     2680        C      351       0
                text32                             2384     2384       70      351       0
                text31                             24EA     24EA       44      351       0
                text29                             268C     268C        A      351       0
                text28                             252E     252E       38      351       0
                text27                             2674     2674        C      351       0
                text26                             22A2     22A2       72      351       0
                text25                             2656     2656       12      351       0
                text24                             2566     2566       30      351       0
                text23                             1E40     1E40      120      351       0
                text22                             2596     2596       2E      351       0
                text21                             14C6     14C6      33E      351       0
                text20                             24A2     24A2       48      351       0
                text19                             1F60     1F60       DE      351       0
                text18                             2220     2220       82      351       0
                text17                             23F4     23F4       66      351       0
                text16                             25C4     25C4       26      351       0
                text15                             1A96     1A96      150      351       0
                text14                             1D18     1D18      128      351       0
                text13                             1BE6     1BE6      132      351       0
                text12                             219C     219C       84      351       0
                text11                             2314     2314       70      351       0
                text10                             1174     1174      352      351       0
                text9                              1804     1804      292      351       0
                text8                               D24      D24      450      351       0
                text7                               6A2      6A2      682      351       0
                text6                              203E     203E       B8      351       0
                text5                              262C     262C       18      351       0
                text4                              2668     2668        C      351       0
                text3                              2696     2696        8      351       0
                text2                              25EA     25EA       22      351       0
                text1                              2644     2644       12      351       0
                text0                              245A     245A       48      351       0
                cstackCOMRAM                          1        1       45        1       1
                cstackBANK0                          80       80       78       80       1
                bssBANK0                             F8       F8        2       80       1
                bssCOMRAM                            46       46        C        1       1
                cinit                              260C     260C       20      351       0

TOTAL           Name                               Link     Load   Length     Space
        CLASS   STACK          

        CLASS   CODE           
                intcodelo                            18       18       C0         0
                intcode                               8        8        6         0
                init                                 D8       D8        4         0
                reset_vec                             0        0        6         0
                intcode_body                       20F6     20F6       A6         0
                text33                             2680     2680        C         0
                text32                             2384     2384       70         0
                text31                             24EA     24EA       44         0
                text29                             268C     268C        A         0
                text28                             252E     252E       38         0
                text27                             2674     2674        C         0
                text26                             22A2     22A2       72         0
                text25                             2656     2656       12         0
                text24                             2566     2566       30         0
                text23                             1E40     1E40      120         0
                text22                             2596     2596       2E         0
                text21                             14C6     14C6      33E         0
                text20                             24A2     24A2       48         0
                text19                             1F60     1F60       DE         0
                text18                             2220     2220       82         0
                text17                             23F4     23F4       66         0
                text16                             25C4     25C4       26         0
                text15                             1A96     1A96      150         0
                text14                             1D18     1D18      128         0
                text13                             1BE6     1BE6      132         0
                text12                             219C     219C       84         0
                text11                             2314     2314       70         0
                text10                             1174     1174      352         0
                text9                              1804     1804      292         0
                text8                               D24      D24      450         0
                text7                               6A2      6A2      682         0
                text6                              203E     203E       B8         0
                text5                              262C     262C       18         0
                text4                              2668     2668        C         0
                text3                              2696     2696        8         0
                text2                              25EA     25EA       22         0
                text1                              2644     2644       12         0
                text0                              245A     245A       48         0
                cinit                              260C     260C       20         0

        CLASS   CONST          

        CLASS   SMALLCONST     
                smallconst                          600      600       A2         0

        CLASS   MEDIUMCONST    

        CLASS   COMRAM         
                temp                                 52       52        1         1
                cstackCOMRAM                          1        1       45         1
                bssCOMRAM                            46       46        C         1

        CLASS   ABS1           

        CLASS   BIGRAM         

        CLASS   RAM            

        CLASS   BANK0          
                cstackBANK0                          80       80       78         1
                bssBANK0                             F8       F8        2         1

        CLASS   BANK1          

        CLASS   BANK2          

        CLASS   BANK3          

        CLASS   BANK4          

        CLASS   BANK5          

        CLASS   SFR            

        CLASS   FARRAM         

        CLASS   CONFIG         
                config                           300000   300000        E         0

        CLASS   IDLOC          
                idloc                            200000   200000        8         0

        CLASS   EEDATA         



SEGMENTS        Name                           Load    Length   Top    Selector   Space  Class

                reset_vec                      000000  000006  000006         0       0  CODE    
                cstackCOMRAM                   000001  000052  000053         1       1  COMRAM  
                intcode                        000008  000006  00000E         4       0  CODE    
                intcodelo                      000018  0000C4  0000DC         C       0  CODE    
                cstackBANK0                    000080  00007A  0000FA        80       1  BANK0   
                smallconst                     000600  0000A2  0006A2       300       0  SMALLCON
                text7                          0006A2  001FFC  00269E       351       0  CODE    
                idloc                          200000  000008  200008    200000       0  IDLOC   
                config                         300000  00000E  30000E    300000       0  CONFIG  


UNUSED ADDRESS RANGES

        Name                Unused          Largest block    Delta
        BANK0            0000FA-0000FF                6
        BANK1            000100-0001FF              100
        BANK2            000200-0002FF              100
        BANK3            000300-0003FF              100
        BANK4            000400-0004FF              100
        BANK5            000500-0005EE               EF
        BIGRAM           000053-00007F               2D
                         0000FA-0005EE              4F5
        CODE             000006-000007                2
                         00000E-000017                A
                         0000DC-0005FF              524
                         00269E-007CFF             5662
        COMRAM           000053-00007F               2D
        CONST            000006-000007                2
                         00000E-000017                A
                         0000DC-0005FF              524
                         00269E-007CFF             5662
        EEDATA           F00000-F000FF              100
        MEDIUMCONST      00269E-007CFF             5662
        RAM              0000FA-0005EE              100
        SFR              000F80-000F9B               1C
                         000F9D-000FD3               37
                         000FD5-000FDA                6
                         000FE0-000FE2                3
                         000FE8-000FEA                3
                         000FF0-000FFB                C
        SMALLCONST       00269E-007CFF              100
        STACK            0000FA-0005EE              4F5

                                  Symbol Table

?_ADC_Read                     cstackCOMRAM 00002E
?_GetString                    cstackCOMRAM 00002E
?___awdiv                      cstackCOMRAM 000034
?___awmod                      cstackCOMRAM 00002E
?___fladd                      cstackBANK0  00009E
?___flmul                      cstackCOMRAM 00003C
?___flneg                      cstackCOMRAM 00002E
?___flsub                      cstackBANK0  0000B2
?___fltol                      cstackBANK0  00009A
?___lldiv                      cstackCOMRAM 00002E
?___llmod                      cstackCOMRAM 00002E
?___wmul                       cstackCOMRAM 00002E
?___xxtofl                     cstackCOMRAM 00002E
?__div_to_l_                   cstackCOMRAM 00002E
?__tdiv_to_l_                  cstackCOMRAM 00002E
?_fround                       cstackBANK0  000091
?_scale                        cstackBANK0  000091
?_sprintf                      cstackBANK0  0000BA
?i1___awmod                    cstackCOMRAM 000013
ADC_Read@channel               cstackCOMRAM 00002E
ADC_Read@digital               cstackCOMRAM 000032
ClearBuffer@i                  cstackCOMRAM 00002E
Mode2@res                      cstackBANK0  0000DD
Mode2@voltage                  cstackBANK0  0000F1
UART_Write@data                cstackCOMRAM 00002E
UART_Write_Text@i              cstackCOMRAM 000033
UART_Write_Text@text           cstackCOMRAM 00002F
_ADCON0bits                    (abs)        000FC2
_ADCON1                        (abs)        000FC1
_ADCON2bits                    (abs)        000FC0
_ADC_Initialize                text5        00262C
_ADC_Read                      text24       002566
_ADFM                          (abs)        007E07
_ADRESH                        (abs)        000FC4
_ADRESL                        (abs)        000FC3
_BAUDCONbits                   (abs)        000FB8
_CCP1CON                       (abs)        000FBD
_CCP1_Initialize               text4        002668
_CREN                          (abs)        007D5C
_ClearBuffer                   text28       00252E
_GetString                     text29       00268C
_Hi_ISR                        intcode      000008
_INTCONbits                    (abs)        000FF2
_INTERRUPT_Initialize          text3        002696
_IPR1bits                      (abs)        000F9F
_IRCF0                         (abs)        007E9C
_IRCF1                         (abs)        007E9D
_IRCF2                         (abs)        007E9E
_Lo_ISR                        intcodelo    000018
_Mode1                         text25       002656
_Mode2                         text6        00203E
_MyusartRead                   text31       0024EA
_PIE1bits                      (abs)        000F9D
_PIR1bits                      (abs)        000F9E
_RC2                           (abs)        007C12
_RCIF                          (abs)        007CF5
_RCONbits                      (abs)        000FD0
_RCREG                         (abs)        000FAE
_RCSTAbits                     (abs)        000FAB
_SPBRG                         (abs)        000FAF
_SYSTEM_Initialize             text1        002644
_TMR3                          (abs)        000FB2
_TRISA                         (abs)        000F92
_TRISCbits                     (abs)        000F94
_TXREG                         (abs)        000FAD
_TXSTAbits                     (abs)        000FAC
_UART_Initialize               text2        0025EA
_UART_Write                    text27       002674
_UART_Write_Text               text26       0022A2
__CFG_BOREN$SBORDIS            (abs)        000000
__CFG_BORV$3                   (abs)        000000
__CFG_CCP2MX$PORTC             (abs)        000000
__CFG_CP0$OFF                  (abs)        000000
__CFG_CP1$OFF                  (abs)        000000
__CFG_CP2$OFF                  (abs)        000000
__CFG_CP3$OFF                  (abs)        000000
__CFG_CPB$OFF                  (abs)        000000
__CFG_CPD$OFF                  (abs)        000000
__CFG_EBTR0$OFF                (abs)        000000
__CFG_EBTR1$OFF                (abs)        000000
__CFG_EBTR2$OFF                (abs)        000000
__CFG_EBTR3$OFF                (abs)        000000
__CFG_EBTRB$OFF                (abs)        000000
__CFG_FCMEN$OFF                (abs)        000000
__CFG_IESO$ON                  (abs)        000000
__CFG_LPT1OSC$OFF              (abs)        000000
__CFG_LVP$OFF                  (abs)        000000
__CFG_MCLRE$ON                 (abs)        000000
__CFG_OSC$INTIO67              (abs)        000000
__CFG_PBADEN$ON                (abs)        000000
__CFG_PWRT$OFF                 (abs)        000000
__CFG_STVREN$ON                (abs)        000000
__CFG_WDT$OFF                  (abs)        000000
__CFG_WDTPS$1                  (abs)        000000
__CFG_WRT0$OFF                 (abs)        000000
__CFG_WRT1$OFF                 (abs)        000000
__CFG_WRT2$OFF                 (abs)        000000
__CFG_WRT3$OFF                 (abs)        000000
__CFG_WRTB$OFF                 (abs)        000000
__CFG_WRTC$OFF                 (abs)        000000
__CFG_WRTD$OFF                 (abs)        000000
__CFG_XINST$OFF                (abs)        000000
__HRAM                         (abs)        000000
__Habs1                        abs1         000000
__Hbank0                       bank0        000000
__Hbank1                       bank1        000000
__Hbank2                       bank2        000000
__Hbank3                       bank3        000000
__Hbank4                       bank4        000000
__Hbank5                       bank5        000000
__Hbigbss                      bigbss       000000
__Hbigdata                     bigdata      000000
__Hbigram                      bigram       000000
__Hbss                         bss          000000
__HbssBANK0                    bssBANK0     000000
__HbssCOMRAM                   bssCOMRAM    000000
__Hcinit                       cinit        000000
__Hclrtext                     clrtext      000000
__Hcomram                      comram       000000
__Hconfig                      config       30000E
__Hconst                       const        000000
__HcstackBANK0                 cstackBANK0  000000
__HcstackCOMRAM                cstackCOMRAM 000000
__Hdata                        data         000000
__Heeprom_data                 eeprom_data  000000
__Hfarbss                      farbss       000000
__Hfardata                     fardata      000000
__Hibigdata                    ibigdata     000000
__Hidata                       idata        000000
__Hidloc                       idloc        200008
__Hifardata                    ifardata     000000
__Hinit                        init         0000DC
__Hintcode                     intcode      00000E
__Hintcode_body                intcode_body 000000
__Hintcodelo                   intcodelo    0000D8
__Hintentry                    intentry     000000
__Hintret                      intret       000000
__Hintsave_regs                intsave_regs 000000
__Hirdata                      irdata       000000
__Hmediumconst                 mediumconst  000000
__HnvFARRAM                    nvFARRAM     000000
__Hnvbit                       nvbit        000000
__Hnvrram                      nvrram       000000
__Hparam                       rparam       000000
__Hpowerup                     powerup      0000D8
__Hram                         ram          000000
__Hramtop                      ramtop       000600
__Hrbit                        rbit         000000
__Hrbss                        rbss         000000
__Hrdata                       rdata        000000
__Hreset_vec                   reset_vec    000006
__Hrparam                      rparam       000000
__Hsfr                         sfr          000000
__Hsmallconst                  smallconst   0006A2
__Hspace_0                     (abs)        30000E
__Hspace_1                     (abs)        0000FA
__Hspace_2                     (abs)        000000
__Hstack                       stack        000000
__Hstruct                      struct       000000
__Htemp                        temp         000053
__Htext                        text         000000
__Htext0                       text0        000000
__Htext1                       text1        000000
__Htext10                      text10       000000
__Htext11                      text11       000000
__Htext12                      text12       000000
__Htext13                      text13       000000
__Htext14                      text14       000000
__Htext15                      text15       000000
__Htext16                      text16       000000
__Htext17                      text17       000000
__Htext18                      text18       000000
__Htext19                      text19       000000
__Htext2                       text2        000000
__Htext20                      text20       000000
__Htext21                      text21       000000
__Htext22                      text22       000000
__Htext23                      text23       000000
__Htext24                      text24       000000
__Htext25                      text25       000000
__Htext26                      text26       000000
__Htext27                      text27       000000
__Htext28                      text28       000000
__Htext29                      text29       000000
__Htext3                       text3        000000
__Htext31                      text31       000000
__Htext32                      text32       000000
__Htext33                      text33       000000
__Htext4                       text4        000000
__Htext5                       text5        000000
__Htext6                       text6        000000
__Htext7                       text7        000000
__Htext8                       text8        000000
__Htext9                       text9        000000
__LRAM                         (abs)        000001
__Labs1                        abs1         000000
__Lbank0                       bank0        000000
__Lbank1                       bank1        000000
__Lbank2                       bank2        000000
__Lbank3                       bank3        000000
__Lbank4                       bank4        000000
__Lbank5                       bank5        000000
__Lbigbss                      bigbss       000000
__Lbigdata                     bigdata      000000
__Lbigram                      bigram       000000
__Lbss                         bss          000000
__LbssBANK0                    bssBANK0     000000
__LbssCOMRAM                   bssCOMRAM    000000
__Lcinit                       cinit        000000
__Lclrtext                     clrtext      000000
__Lcomram                      comram       000000
__Lconfig                      config       300000
__Lconst                       const        000000
__LcstackBANK0                 cstackBANK0  000000
__LcstackCOMRAM                cstackCOMRAM 000000
__Ldata                        data         000000
__Leeprom_data                 eeprom_data  000000
__Lfarbss                      farbss       000000
__Lfardata                     fardata      000000
__Libigdata                    ibigdata     000000
__Lidata                       idata        000000
__Lidloc                       idloc        200000
__Lifardata                    ifardata     000000
__Linit                        init         0000D8
__Lintcode                     intcode      000008
__Lintcode_body                intcode_body 000000
__Lintcodelo                   intcodelo    000018
__Lintentry                    intentry     000000
__Lintret                      intret       000000
__Lintsave_regs                intsave_regs 000000
__Lirdata                      irdata       000000
__Lmediumconst                 mediumconst  000000
__LnvFARRAM                    nvFARRAM     000000
__Lnvbit                       nvbit        000000
__Lnvrram                      nvrram       000000
__Lparam                       rparam       000000
__Lpowerup                     powerup      0000D8
__Lram                         ram          000000
__Lramtop                      ramtop       000600
__Lrbit                        rbit         000000
__Lrbss                        rbss         000000
__Lrdata                       rdata        000000
__Lreset_vec                   reset_vec    000000
__Lrparam                      rparam       000000
__Lsfr                         sfr          000000
__Lsmallconst                  smallconst   000600
__Lspace_0                     (abs)        000000
__Lspace_1                     (abs)        000000
__Lspace_2                     (abs)        000000
__Lstack                       stack        000000
__Lstruct                      struct       000000
__Ltemp                        temp         000052
__Ltext                        text         000000
__Ltext0                       text0        000000
__Ltext1                       text1        000000
__Ltext10                      text10       000000
__Ltext11                      text11       000000
__Ltext12                      text12       000000
__Ltext13                      text13       000000
__Ltext14                      text14       000000
__Ltext15                      text15       000000
__Ltext16                      text16       000000
__Ltext17                      text17       000000
__Ltext18                      text18       000000
__Ltext19                      text19       000000
__Ltext2                       text2        000000
__Ltext20                      text20       000000
__Ltext21                      text21       000000
__Ltext22                      text22       000000
__Ltext23                      text23       000000
__Ltext24                      text24       000000
__Ltext25                      text25       000000
__Ltext26                      text26       000000
__Ltext27                      text27       000000
__Ltext28                      text28       000000
__Ltext29                      text29       000000
__Ltext3                       text3        000000
__Ltext31                      text31       000000
__Ltext32                      text32       000000
__Ltext33                      text33       000000
__Ltext4                       text4        000000
__Ltext5                       text5        000000
__Ltext6                       text6        000000
__Ltext7                       text7        000000
__Ltext8                       text8        000000
__Ltext9                       text9        000000
__S0                           (abs)        30000E
__S1                           (abs)        0000FA
__S2                           (abs)        000000
___awdiv                       text12       00219C
___awdiv@counter               cstackCOMRAM 000038
___awdiv@dividend              cstackCOMRAM 000034
___awdiv@divisor               cstackCOMRAM 000036
___awdiv@quotient              cstackCOMRAM 00003A
___awdiv@sign                  cstackCOMRAM 000039
___awmod                       text11       002314
___awmod@counter               cstackCOMRAM 000032
___awmod@dividend              cstackCOMRAM 00002E
___awmod@divisor               cstackCOMRAM 000030
___awmod@sign                  cstackCOMRAM 000033
___fladd                       text21       0014C6
___fladd@a                     cstackBANK0  0000A2
___fladd@aexp                  cstackBANK0  0000AF
___fladd@b                     cstackBANK0  00009E
___fladd@bexp                  cstackBANK0  0000B0
___fladd@grs                   cstackBANK0  0000B1
___fladd@signs                 cstackBANK0  0000AE
___flge                        text23       001E40
___flge@ff1                    cstackCOMRAM 00002E
___flge@ff2                    cstackCOMRAM 000032
___flmul                       text10       001174
___flmul@a                     cstackCOMRAM 000040
___flmul@aexp                  cstackBANK0  000085
___flmul@b                     cstackCOMRAM 00003C
___flmul@bexp                  cstackBANK0  00008A
___flmul@grs                   cstackBANK0  000086
___flmul@prod                  cstackBANK0  00008B
___flmul@sign                  cstackBANK0  000084
___flmul@temp                  cstackBANK0  00008F
___flneg                       text22       002596
___flneg@f1                    cstackCOMRAM 00002E
___flsub                       text20       0024A2
___flsub@a                     cstackBANK0  0000B6
___flsub@b                     cstackBANK0  0000B2
___fltol                       text19       001F60
___fltol@exp1                  cstackCOMRAM 000045
___fltol@f1                    cstackBANK0  00009A
___fltol@sign1                 cstackCOMRAM 000044
___inthi_sp                    stack        000000
___intlo_sp                    stack        000000
___lldiv                       text18       002220
___lldiv@counter               cstackCOMRAM 00003A
___lldiv@dividend              cstackCOMRAM 00002E
___lldiv@divisor               cstackCOMRAM 000032
___lldiv@quotient              cstackCOMRAM 000036
___llmod                       text17       0023F4
___llmod@counter               cstackCOMRAM 000036
___llmod@dividend              cstackCOMRAM 00002E
___llmod@divisor               cstackCOMRAM 000032
___param_bank                  (abs)        000000
___rparam_used                 (abs)        000001
___sp                          stack        000000
___wmul                        text16       0025C4
___wmul@multiplicand           cstackCOMRAM 000030
___wmul@multiplier             cstackCOMRAM 00002E
___wmul@product                cstackCOMRAM 000032
___xxtofl                      text15       001A96
___xxtofl@arg                  cstackCOMRAM 000038
___xxtofl@exp                  cstackCOMRAM 000037
___xxtofl@sign                 cstackCOMRAM 000036
___xxtofl@val                  cstackCOMRAM 00002E
__accesstop                    (abs)        000080
__activetblptr                 (abs)        000002
__div_to_l_                    text14       001D18
__div_to_l_@cntr               cstackCOMRAM 00003A
__div_to_l_@exp1               cstackCOMRAM 00003B
__div_to_l_@f1                 cstackCOMRAM 00002E
__div_to_l_@f2                 cstackCOMRAM 000032
__div_to_l_@quot               cstackCOMRAM 000036
__end_of_ADC_Initialize        text5        002644
__end_of_ADC_Read              text24       002596
__end_of_CCP1_Initialize       text4        002674
__end_of_ClearBuffer           text28       002566
__end_of_GetString             text29       002696
__end_of_Hi_ISR                intcode_body 00219C
__end_of_INTERRUPT_Initialize  text3        00269E
__end_of_Lo_ISR                intcodelo    0000D8
__end_of_Mode1                 text25       002668
__end_of_Mode2                 text6        0020F6
__end_of_MyusartRead           text31       00252E
__end_of_SYSTEM_Initialize     text1        002656
__end_of_UART_Initialize       text2        00260C
__end_of_UART_Write            text27       002680
__end_of_UART_Write_Text       text26       002314
__end_of___awdiv               text12       002220
__end_of___awmod               text11       002384
__end_of___fladd               text21       001804
__end_of___flge                text23       001F60
__end_of___flmul               text10       0014C6
__end_of___flneg               text22       0025C4
__end_of___flsub               text20       0024EA
__end_of___fltol               text19       00203E
__end_of___lldiv               text18       0022A2
__end_of___llmod               text17       00245A
__end_of___wmul                text16       0025EA
__end_of___xxtofl              text15       001BE6
__end_of__div_to_l_            text14       001E40
__end_of__initialization       cinit        00261E
__end_of__npowers_             smallconst   000669
__end_of__powers_              smallconst   000635
__end_of__tdiv_to_l_           text13       001D18
__end_of_dpowers               smallconst   000691
__end_of_fround                text9        001A96
__end_of_main                  text0        0024A2
__end_of_scale                 text8        001174
__end_of_sprintf               text7        000D24
__end_ofi1_UART_Write          text33       00268C
__end_ofi1___awmod             text32       0023F4
__initialization               cinit        00260C
__mediumconst                  mediumconst  000000
__npowers_                     smallconst   000635
__pbssBANK0                    bssBANK0     0000F8
__pbssCOMRAM                   bssCOMRAM    000046
__pcinit                       cinit        00260C
__pcstackBANK0                 cstackBANK0  000080
__pcstackCOMRAM                cstackCOMRAM 000001
__pintcode                     intcode      000008
__pintcode_body                intcode_body 0020F6
__pintcodelo                   intcodelo    000018
__powers_                      smallconst   000601
__psmallconst                  smallconst   000600
__ptext0                       text0        00245A
__ptext1                       text1        002644
__ptext10                      text10       001174
__ptext11                      text11       002314
__ptext12                      text12       00219C
__ptext13                      text13       001BE6
__ptext14                      text14       001D18
__ptext15                      text15       001A96
__ptext16                      text16       0025C4
__ptext17                      text17       0023F4
__ptext18                      text18       002220
__ptext19                      text19       001F60
__ptext2                       text2        0025EA
__ptext20                      text20       0024A2
__ptext21                      text21       0014C6
__ptext22                      text22       002596
__ptext23                      text23       001E40
__ptext24                      text24       002566
__ptext25                      text25       002656
__ptext26                      text26       0022A2
__ptext27                      text27       002674
__ptext28                      text28       00252E
__ptext29                      text29       00268C
__ptext3                       text3        002696
__ptext31                      text31       0024EA
__ptext32                      text32       002384
__ptext33                      text33       002680
__ptext4                       text4        002668
__ptext5                       text5        00262C
__ptext6                       text6        00203E
__ptext7                       text7        0006A2
__ptext8                       text8        000D24
__ptext9                       text9        001804
__ramtop                       ramtop       000600
__size_of_ADC_Initialize       (abs)        000000
__size_of_ADC_Read             (abs)        000000
__size_of_CCP1_Initialize      (abs)        000000
__size_of_ClearBuffer          (abs)        000000
__size_of_GetString            (abs)        000000
__size_of_Hi_ISR               (abs)        000000
__size_of_INTERRUPT_Initialize (abs)        000000
__size_of_Lo_ISR               (abs)        000000
__size_of_Mode1                (abs)        000000
__size_of_Mode2                (abs)        000000
__size_of_MyusartRead          (abs)        000000
__size_of_SYSTEM_Initialize    (abs)        000000
__size_of_UART_Initialize      (abs)        000000
__size_of_UART_Write           (abs)        000000
__size_of_UART_Write_Text      (abs)        000000
__size_of___awdiv              (abs)        000000
__size_of___awmod              (abs)        000000
__size_of___fladd              (abs)        000000
__size_of___flge               (abs)        000000
__size_of___flmul              (abs)        000000
__size_of___flneg              (abs)        000000
__size_of___flsub              (abs)        000000
__size_of___fltol              (abs)        000000
__size_of___lldiv              (abs)        000000
__size_of___llmod              (abs)        000000
__size_of___wmul               (abs)        000000
__size_of___xxtofl             (abs)        000000
__size_of__div_to_l_           (abs)        000000
__size_of__tdiv_to_l_          (abs)        000000
__size_of_fround               (abs)        000000
__size_of_main                 (abs)        000000
__size_of_scale                (abs)        000000
__size_of_sprintf              (abs)        000000
__size_ofi1_UART_Write         (abs)        000000
__size_ofi1___awmod            (abs)        000000
__smallconst                   smallconst   000600
__tdiv_to_l_                   text13       001BE6
__tdiv_to_l_@cntr              cstackCOMRAM 00003D
__tdiv_to_l_@exp1              cstackCOMRAM 00003E
__tdiv_to_l_@f1                cstackCOMRAM 00002E
__tdiv_to_l_@f2                cstackCOMRAM 000032
__tdiv_to_l_@quot              cstackCOMRAM 000039
_digital                       bssBANK0     0000F8
_dpowers                       smallconst   000669
_fround                        text9        001804
_fround$1395                   cstackBANK0  000099
_fround$1396                   cstackBANK0  000095
_lenStr                        bssCOMRAM    000046
_main                          text0        00245A
_mystring                      bssCOMRAM    000048
_scale                         text8        000D24
_scale$1397                    cstackBANK0  000095
_sprintf                       text7        0006A2
_sprintf$1398                  cstackBANK0  0000C4
btemp                          temp         000052
end_of_initialization          cinit        00261E
fround@prec                    cstackBANK0  00009D
i1UART_Write@data              cstackCOMRAM 000013
i1_UART_Write                  text33       002680
i1___awmod                     text32       002384
i1___awmod@counter             cstackCOMRAM 000017
i1___awmod@dividend            cstackCOMRAM 000013
i1___awmod@divisor             cstackCOMRAM 000015
i1___awmod@sign                cstackCOMRAM 000018
int$flags                      temp         000052
int_func                       intcode_body 0020F6
intlevel0                      text         000000
intlevel1                      text         000000
intlevel2                      text         000000
intlevel3                      text         000000
main@input                     cstackBANK0  0000F6
scale@scl                      cstackBANK0  000099
sprintf@ap                     cstackBANK0  0000C8
sprintf@c                      cstackBANK0  0000DC
sprintf@exp                    cstackBANK0  0000D2
sprintf@f                      cstackBANK0  0000BC
sprintf@flag                   cstackBANK0  0000CA
sprintf@fval                   cstackBANK0  0000D8
sprintf@prec                   cstackBANK0  0000CC
sprintf@sp                     cstackBANK0  0000BA
sprintf@tmpval                 cstackBANK0  0000D4
sprintf@val                    cstackBANK0  0000CE
stackhi                        (abs)        0005EE
stacklo                        (abs)        0000FA
start                          init         0000D8
start_initialization           cinit        00260C
wtemp6                         temp         000053


FUNCTION INFORMATION:

 *************** function _main *****************
 Defined at:
		line 49 in file "main.c"
 Parameters:    Size  Location     Type
		None
 Auto vars:     Size  Location     Type
  input           2  118[BANK0 ] PTR unsigned char 
		 -> mystring(10), 
 Return value:  Size  Location     Type
                  1    wreg      void 
 Registers used:
		wreg, fsr0l, fsr0h, fsr2l, fsr2h, status,2, status,0, tblptrl, tblptrh, tblptru, prodl, prodh, cstack
 Tracked objects:
		On entry : 
		On exit  : 
		Unchanged: 
 Data sizes:     COMRAM   BANK0   BANK1   BANK2   BANK3   BANK4   BANK5
      Params:         0       0       0       0       0       0       0
      Locals:         0       2       0       0       0       0       0
      Temps:          0       1       0       0       0       0       0
      Totals:         0       3       0       0       0       0       0
Total ram usage:        3 bytes
 Hardware stack levels required when called:    8
 This function calls:
		_ClearBuffer
		_GetString
		_Mode1
		_Mode2
		_SYSTEM_Initialize
 This function is called by:
		Startup code after reset
 This function uses a non-reentrant model


 *************** function _SYSTEM_Initialize *****************
 Defined at:
		line 60 in file "setting_hardaware/setting.c"
 Parameters:    Size  Location     Type
		None
 Auto vars:     Size  Location     Type
		None
 Return value:  Size  Location     Type
                  1    wreg      void 
 Registers used:
		wreg, status,2, cstack
 Tracked objects:
		On entry : 
		On exit  : 
		Unchanged: 
 Data sizes:     COMRAM   BANK0   BANK1   BANK2   BANK3   BANK4   BANK5
      Params:         0       0       0       0       0       0       0
      Locals:         0       0       0       0       0       0       0
      Temps:          0       0       0       0       0       0       0
      Totals:         0       0       0       0       0       0       0
Total ram usage:        0 bytes
 Hardware stack levels used:    1
 Hardware stack levels required when called:    5
 This function calls:
		_ADC_Initialize
		_CCP1_Initialize
		_INTERRUPT_Initialize
		_UART_Initialize
 This function is called by:
		_main
 This function uses a non-reentrant model


 *************** function _UART_Initialize *****************
 Defined at:
		line 7 in file "setting_hardaware/uart.c"
 Parameters:    Size  Location     Type
		None
 Auto vars:     Size  Location     Type
		None
 Return value:  Size  Location     Type
                  1    wreg      void 
 Registers used:
		wreg, status,2
 Tracked objects:
		On entry : 
		On exit  : 
		Unchanged: 
 Data sizes:     COMRAM   BANK0   BANK1   BANK2   BANK3   BANK4   BANK5
      Params:         0       0       0       0       0       0       0
      Locals:         0       0       0       0       0       0       0
      Temps:          0       0       0       0       0       0       0
      Totals:         0       0       0       0       0       0       0
Total ram usage:        0 bytes
 Hardware stack levels used:    1
 Hardware stack levels required when called:    4
 This function calls:
		Nothing
 This function is called by:
		_SYSTEM_Initialize
 This function uses a non-reentrant model


 *************** function _INTERRUPT_Initialize *****************
 Defined at:
		line 3 in file "setting_hardaware/interrupt_manager.c"
 Parameters:    Size  Location     Type
		None
 Auto vars:     Size  Location     Type
		None
 Return value:  Size  Location     Type
                  1    wreg      void 
 Registers used:
		None
 Tracked objects:
		On entry : 
		On exit  : 
		Unchanged: 
 Data sizes:     COMRAM   BANK0   BANK1   BANK2   BANK3   BANK4   BANK5
      Params:         0       0       0       0       0       0       0
      Locals:         0       0       0       0       0       0       0
      Temps:          0       0       0       0       0       0       0
      Totals:         0       0       0       0       0       0       0
Total ram usage:        0 bytes
 Hardware stack levels used:    1
 Hardware stack levels required when called:    4
 This function calls:
		Nothing
 This function is called by:
		_SYSTEM_Initialize
 This function uses a non-reentrant model


 *************** function _CCP1_Initialize *****************
 Defined at:
		line 3 in file "setting_hardaware/ccp1.c"
 Parameters:    Size  Location     Type
		None
 Auto vars:     Size  Location     Type
		None
 Return value:  Size  Location     Type
                  1    wreg      void 
 Registers used:
		wreg, status,2
 Tracked objects:
		On entry : 
		On exit  : 
		Unchanged: 
 Data sizes:     COMRAM   BANK0   BANK1   BANK2   BANK3   BANK4   BANK5
      Params:         0       0       0       0       0       0       0
      Locals:         0       0       0       0       0       0       0
      Temps:          0       0       0       0       0       0       0
      Totals:         0       0       0       0       0       0       0
Total ram usage:        0 bytes
 Hardware stack levels used:    1
 Hardware stack levels required when called:    4
 This function calls:
		Nothing
 This function is called by:
		_SYSTEM_Initialize
 This function uses a non-reentrant model


 *************** function _ADC_Initialize *****************
 Defined at:
		line 3 in file "setting_hardaware/adc.c"
 Parameters:    Size  Location     Type
		None
 Auto vars:     Size  Location     Type
		None
 Return value:  Size  Location     Type
                  1    wreg      void 
 Registers used:
		wreg, status,2
 Tracked objects:
		On entry : 
		On exit  : 
		Unchanged: 
 Data sizes:     COMRAM   BANK0   BANK1   BANK2   BANK3   BANK4   BANK5
      Params:         0       0       0       0       0       0       0
      Locals:         0       0       0       0       0       0       0
      Temps:          0       0       0       0       0       0       0
      Totals:         0       0       0       0       0       0       0
Total ram usage:        0 bytes
 Hardware stack levels used:    1
 Hardware stack levels required when called:    4
 This function calls:
		Nothing
 This function is called by:
		_SYSTEM_Initialize
 This function uses a non-reentrant model


 *************** function _Mode2 *****************
 Defined at:
		line 24 in file "main.c"
 Parameters:    Size  Location     Type
		None
 Auto vars:     Size  Location     Type
  res            20   93[BANK0 ] unsigned char [20]
  voltage         4  113[BANK0 ] float 
 Return value:  Size  Location     Type
                  1    wreg      void 
 Registers used:
		wreg, fsr0l, fsr0h, fsr2l, fsr2h, status,2, status,0, tblptrl, tblptrh, tblptru, prodl, prodh, cstack
 Tracked objects:
		On entry : 
		On exit  : 
		Unchanged: 
 Data sizes:     COMRAM   BANK0   BANK1   BANK2   BANK3   BANK4   BANK5
      Params:         0       0       0       0       0       0       0
      Locals:         0      24       0       0       0       0       0
      Temps:          0       0       0       0       0       0       0
      Totals:         0      24       0       0       0       0       0
Total ram usage:       24 bytes
 Hardware stack levels used:    1
 Hardware stack levels required when called:    7
 This function calls:
		_ADC_Read
		_ClearBuffer
		_UART_Write_Text
		___flmul
		___xxtofl
		_sprintf
 This function is called by:
		_main
 This function uses a non-reentrant model


 *************** function _sprintf *****************
 Defined at:
		line 492 in file "C:\Program Files (x86)\Microchip\xc8\v1.44\sources\common\doprnt.c"
 Parameters:    Size  Location     Type
  sp              2   58[BANK0 ] PTR unsigned char 
		 -> Mode2@res(20), 
  f               2   60[BANK0 ] PTR const unsigned char 
		 -> STR_2(3), 
 Auto vars:     Size  Location     Type
  fval            4   88[BANK0 ] PTR const unsigned char 
  tmpval          4   84[BANK0 ] struct .
  val             4   78[BANK0 ] unsigned long 
  cp              3    0        PTR const unsigned char 
  exp             2   82[BANK0 ] int 
  prec            2   76[BANK0 ] int 
  flag            2   74[BANK0 ] unsigned short 
  ap              2   72[BANK0 ] PTR void [1]
		 -> ?_sprintf(2), 
  len             2    0        unsigned int 
  width           2    0        int 
  c               1   92[BANK0 ] char 
  d               1    0        unsigned char 
 Return value:  Size  Location     Type
                  2   58[BANK0 ] int 
 Registers used:
		wreg, fsr2l, fsr2h, status,2, status,0, tblptrl, tblptrh, tblptru, prodl, prodh, cstack
 Tracked objects:
		On entry : 
		On exit  : 
		Unchanged: 
 Data sizes:     COMRAM   BANK0   BANK1   BANK2   BANK3   BANK4   BANK5
      Params:         0       8       0       0       0       0       0
      Locals:         0      25       0       0       0       0       0
      Temps:          0       2       0       0       0       0       0
      Totals:         0      35       0       0       0       0       0
Total ram usage:       35 bytes
 Hardware stack levels used:    1
 Hardware stack levels required when called:    6
 This function calls:
		___awdiv
		___fladd
		___flge
		___flmul
		___flneg
		___flsub
		___fltol
		___lldiv
		___llmod
		___wmul
		___xxtofl
		__div_to_l_
		__tdiv_to_l_
		_fround
		_scale
 This function is called by:
		_Mode2
 This function uses a non-reentrant model


 *************** function _scale *****************
 Defined at:
		line 425 in file "C:\Program Files (x86)\Microchip\xc8\v1.44\sources\common\doprnt.c"
 Parameters:    Size  Location     Type
  scl             1    wreg     char 
 Auto vars:     Size  Location     Type
  scl             1   25[BANK0 ] char 
 Return value:  Size  Location     Type
                  4   17[BANK0 ] char 
 Registers used:
		wreg, status,2, status,0, tblptrl, tblptrh, tblptru, prodl, prodh, cstack
 Tracked objects:
		On entry : 
		On exit  : 
		Unchanged: 
 Data sizes:     COMRAM   BANK0   BANK1   BANK2   BANK3   BANK4   BANK5
      Params:         0       4       0       0       0       0       0
      Locals:         0       5       0       0       0       0       0
      Temps:          0       0       0       0       0       0       0
      Totals:         0       9       0       0       0       0       0
Total ram usage:        9 bytes
 Hardware stack levels used:    1
 Hardware stack levels required when called:    5
 This function calls:
		___awdiv
		___awmod
		___flmul
 This function is called by:
		_sprintf
 This function uses a non-reentrant model


 *************** function _fround *****************
 Defined at:
		line 409 in file "C:\Program Files (x86)\Microchip\xc8\v1.44\sources\common\doprnt.c"
 Parameters:    Size  Location     Type
  prec            1    wreg     unsigned char 
 Auto vars:     Size  Location     Type
  prec            1   29[BANK0 ] unsigned char 
 Return value:  Size  Location     Type
                  4   17[BANK0 ] unsigned char 
 Registers used:
		wreg, status,2, status,0, tblptrl, tblptrh, tblptru, prodl, prodh, cstack
 Tracked objects:
		On entry : 
		On exit  : 
		Unchanged: 
 Data sizes:     COMRAM   BANK0   BANK1   BANK2   BANK3   BANK4   BANK5
      Params:         0       4       0       0       0       0       0
      Locals:         0       9       0       0       0       0       0
      Temps:          0       0       0       0       0       0       0
      Totals:         0      13       0       0       0       0       0
Total ram usage:       13 bytes
 Hardware stack levels used:    1
 Hardware stack levels required when called:    5
 This function calls:
		___awdiv
		___awmod
		___flmul
 This function is called by:
		_sprintf
 This function uses a non-reentrant model


 *************** function ___flmul *****************
 Defined at:
		line 8 in file "C:\Program Files (x86)\Microchip\xc8\v1.44\sources\common\sprcmul.c"
 Parameters:    Size  Location     Type
  b               4   59[COMRAM] unsigned char 
  a               4   63[COMRAM] unsigned char 
 Auto vars:     Size  Location     Type
  prod            4   11[BANK0 ] struct .
  grs             4    6[BANK0 ] unsigned long 
  temp            2   15[BANK0 ] struct .
  bexp            1   10[BANK0 ] unsigned char 
  aexp            1    5[BANK0 ] unsigned char 
  sign            1    4[BANK0 ] unsigned char 
 Return value:  Size  Location     Type
                  4   59[COMRAM] unsigned char 
 Registers used:
		wreg, status,2, status,0, prodl, prodh
 Tracked objects:
		On entry : 
		On exit  : 
		Unchanged: 
 Data sizes:     COMRAM   BANK0   BANK1   BANK2   BANK3   BANK4   BANK5
      Params:         8       0       0       0       0       0       0
      Locals:         0      13       0       0       0       0       0
      Temps:          0       4       0       0       0       0       0
      Totals:         8      17       0       0       0       0       0
Total ram usage:       25 bytes
 Hardware stack levels used:    1
 Hardware stack levels required when called:    4
 This function calls:
		Nothing
 This function is called by:
		_Mode2
		_fround
		_scale
		_sprintf
 This function uses a non-reentrant model


 *************** function ___awmod *****************
 Defined at:
		line 8 in file "C:\Program Files (x86)\Microchip\xc8\v1.44\sources\common\awmod.c"
 Parameters:    Size  Location     Type
  dividend        2   45[COMRAM] int 
  divisor         2   47[COMRAM] int 
 Auto vars:     Size  Location     Type
  sign            1   50[COMRAM] unsigned char 
  counter         1   49[COMRAM] unsigned char 
 Return value:  Size  Location     Type
                  2   45[COMRAM] int 
 Registers used:
		wreg, status,2, status,0
 Tracked objects:
		On entry : 
		On exit  : 
		Unchanged: 
 Data sizes:     COMRAM   BANK0   BANK1   BANK2   BANK3   BANK4   BANK5
      Params:         4       0       0       0       0       0       0
      Locals:         2       0       0       0       0       0       0
      Temps:          0       0       0       0       0       0       0
      Totals:         6       0       0       0       0       0       0
Total ram usage:        6 bytes
 Hardware stack levels used:    1
 Hardware stack levels required when called:    4
 This function calls:
		Nothing
 This function is called by:
		_fround
		_scale
 This function uses a non-reentrant model


 *************** function ___awdiv *****************
 Defined at:
		line 8 in file "C:\Program Files (x86)\Microchip\xc8\v1.44\sources\common\awdiv.c"
 Parameters:    Size  Location     Type
  dividend        2   51[COMRAM] int 
  divisor         2   53[COMRAM] int 
 Auto vars:     Size  Location     Type
  quotient        2   57[COMRAM] int 
  sign            1   56[COMRAM] unsigned char 
  counter         1   55[COMRAM] unsigned char 
 Return value:  Size  Location     Type
                  2   51[COMRAM] int 
 Registers used:
		wreg, status,2, status,0
 Tracked objects:
		On entry : 
		On exit  : 
		Unchanged: 
 Data sizes:     COMRAM   BANK0   BANK1   BANK2   BANK3   BANK4   BANK5
      Params:         4       0       0       0       0       0       0
      Locals:         4       0       0       0       0       0       0
      Temps:          0       0       0       0       0       0       0
      Totals:         8       0       0       0       0       0       0
Total ram usage:        8 bytes
 Hardware stack levels used:    1
 Hardware stack levels required when called:    4
 This function calls:
		Nothing
 This function is called by:
		_fround
		_scale
		_sprintf
 This function uses a non-reentrant model


 *************** function __tdiv_to_l_ *****************
 Defined at:
		line 60 in file "C:\Program Files (x86)\Microchip\xc8\v1.44\sources\common\ftdivl.c"
 Parameters:    Size  Location     Type
  f1              4   45[COMRAM] float 
  f2              4   49[COMRAM] float 
 Auto vars:     Size  Location     Type
  quot            4   56[COMRAM] unsigned long 
  exp1            1   61[COMRAM] unsigned char 
  cntr            1   60[COMRAM] unsigned char 
 Return value:  Size  Location     Type
                  4   45[COMRAM] unsigned long 
 Registers used:
		wreg, status,2, status,0
 Tracked objects:
		On entry : 
		On exit  : 
		Unchanged: 
 Data sizes:     COMRAM   BANK0   BANK1   BANK2   BANK3   BANK4   BANK5
      Params:         8       0       0       0       0       0       0
      Locals:         6       0       0       0       0       0       0
      Temps:          3       0       0       0       0       0       0
      Totals:        17       0       0       0       0       0       0
Total ram usage:       17 bytes
 Hardware stack levels used:    1
 Hardware stack levels required when called:    4
 This function calls:
		Nothing
 This function is called by:
		_sprintf
 This function uses a non-reentrant model


 *************** function __div_to_l_ *****************
 Defined at:
		line 60 in file "C:\Program Files (x86)\Microchip\xc8\v1.44\sources\common\fldivl.c"
 Parameters:    Size  Location     Type
  f1              4   45[COMRAM] unsigned long 
  f2              4   49[COMRAM] unsigned long 
 Auto vars:     Size  Location     Type
  quot            4   53[COMRAM] unsigned long 
  exp1            1   58[COMRAM] unsigned char 
  cntr            1   57[COMRAM] unsigned char 
 Return value:  Size  Location     Type
                  4   45[COMRAM] unsigned long 
 Registers used:
		wreg, status,2, status,0
 Tracked objects:
		On entry : 
		On exit  : 
		Unchanged: 
 Data sizes:     COMRAM   BANK0   BANK1   BANK2   BANK3   BANK4   BANK5
      Params:         8       0       0       0       0       0       0
      Locals:         6       0       0       0       0       0       0
      Temps:          0       0       0       0       0       0       0
      Totals:        14       0       0       0       0       0       0
Total ram usage:       14 bytes
 Hardware stack levels used:    1
 Hardware stack levels required when called:    4
 This function calls:
		Nothing
 This function is called by:
		_sprintf
 This function uses a non-reentrant model


 *************** function ___xxtofl *****************
 Defined at:
		line 10 in file "C:\Program Files (x86)\Microchip\xc8\v1.44\sources\common\xxtofl.c"
 Parameters:    Size  Location     Type
  sign            1    wreg     unsigned char 
  val             4   45[COMRAM] long 
 Auto vars:     Size  Location     Type
  sign            1   53[COMRAM] unsigned char 
  arg             4   55[COMRAM] unsigned long 
  exp             1   54[COMRAM] unsigned char 
 Return value:  Size  Location     Type
                  4   45[COMRAM] unsigned char 
 Registers used:
		wreg, status,2, status,0
 Tracked objects:
		On entry : 
		On exit  : 
		Unchanged: 
 Data sizes:     COMRAM   BANK0   BANK1   BANK2   BANK3   BANK4   BANK5
      Params:         4       0       0       0       0       0       0
      Locals:         6       0       0       0       0       0       0
      Temps:          4       0       0       0       0       0       0
      Totals:        14       0       0       0       0       0       0
Total ram usage:       14 bytes
 Hardware stack levels used:    1
 Hardware stack levels required when called:    4
 This function calls:
		Nothing
 This function is called by:
		_Mode2
		_sprintf
 This function uses a non-reentrant model


 *************** function ___wmul *****************
 Defined at:
		line 15 in file "C:\Program Files (x86)\Microchip\xc8\v1.44\sources\common\Umul16.c"
 Parameters:    Size  Location     Type
  multiplier      2   45[COMRAM] unsigned int 
  multiplicand    2   47[COMRAM] unsigned int 
 Auto vars:     Size  Location     Type
  product         2   49[COMRAM] unsigned int 
 Return value:  Size  Location     Type
                  2   45[COMRAM] unsigned int 
 Registers used:
		wreg, status,2, status,0, prodl, prodh
 Tracked objects:
		On entry : 
		On exit  : 
		Unchanged: 
 Data sizes:     COMRAM   BANK0   BANK1   BANK2   BANK3   BANK4   BANK5
      Params:         4       0       0       0       0       0       0
      Locals:         2       0       0       0       0       0       0
      Temps:          0       0       0       0       0       0       0
      Totals:         6       0       0       0       0       0       0
Total ram usage:        6 bytes
 Hardware stack levels used:    1
 Hardware stack levels required when called:    4
 This function calls:
		Nothing
 This function is called by:
		_sprintf
 This function uses a non-reentrant model


 *************** function ___llmod *****************
 Defined at:
		line 8 in file "C:\Program Files (x86)\Microchip\xc8\v1.44\sources\common\llmod.c"
 Parameters:    Size  Location     Type
  dividend        4   45[COMRAM] unsigned long 
  divisor         4   49[COMRAM] unsigned long 
 Auto vars:     Size  Location     Type
  counter         1   53[COMRAM] unsigned char 
 Return value:  Size  Location     Type
                  4   45[COMRAM] unsigned long 
 Registers used:
		wreg, status,2, status,0
 Tracked objects:
		On entry : 
		On exit  : 
		Unchanged: 
 Data sizes:     COMRAM   BANK0   BANK1   BANK2   BANK3   BANK4   BANK5
      Params:         8       0       0       0       0       0       0
      Locals:         1       0       0       0       0       0       0
      Temps:          0       0       0       0       0       0       0
      Totals:         9       0       0       0       0       0       0
Total ram usage:        9 bytes
 Hardware stack levels used:    1
 Hardware stack levels required when called:    4
 This function calls:
		Nothing
 This function is called by:
		_sprintf
 This function uses a non-reentrant model


 *************** function ___lldiv *****************
 Defined at:
		line 8 in file "C:\Program Files (x86)\Microchip\xc8\v1.44\sources\common\lldiv.c"
 Parameters:    Size  Location     Type
  dividend        4   45[COMRAM] unsigned long 
  divisor         4   49[COMRAM] unsigned long 
 Auto vars:     Size  Location     Type
  quotient        4   53[COMRAM] unsigned long 
  counter         1   57[COMRAM] unsigned char 
 Return value:  Size  Location     Type
                  4   45[COMRAM] unsigned long 
 Registers used:
		wreg, status,2, status,0
 Tracked objects:
		On entry : 
		On exit  : 
		Unchanged: 
 Data sizes:     COMRAM   BANK0   BANK1   BANK2   BANK3   BANK4   BANK5
      Params:         8       0       0       0       0       0       0
      Locals:         5       0       0       0       0       0       0
      Temps:          0       0       0       0       0       0       0
      Totals:        13       0       0       0       0       0       0
Total ram usage:       13 bytes
 Hardware stack levels used:    1
 Hardware stack levels required when called:    4
 This function calls:
		Nothing
 This function is called by:
		_sprintf
 This function uses a non-reentrant model


 *************** function ___fltol *****************
 Defined at:
		line 43 in file "C:\Program Files (x86)\Microchip\xc8\v1.44\sources\common\fltol.c"
 Parameters:    Size  Location     Type
  f1              4   26[BANK0 ] unsigned long 
 Auto vars:     Size  Location     Type
  exp1            1   68[COMRAM] unsigned char 
  sign1           1   67[COMRAM] unsigned char 
 Return value:  Size  Location     Type
                  4   26[BANK0 ] long 
 Registers used:
		wreg, status,2, status,0
 Tracked objects:
		On entry : 
		On exit  : 
		Unchanged: 
 Data sizes:     COMRAM   BANK0   BANK1   BANK2   BANK3   BANK4   BANK5
      Params:         0       4       0       0       0       0       0
      Locals:         2       0       0       0       0       0       0
      Temps:          0       4       0       0       0       0       0
      Totals:         2       8       0       0       0       0       0
Total ram usage:       10 bytes
 Hardware stack levels used:    1
 Hardware stack levels required when called:    4
 This function calls:
		Nothing
 This function is called by:
		_sprintf
 This function uses a non-reentrant model


 *************** function ___flsub *****************
 Defined at:
		line 245 in file "C:\Program Files (x86)\Microchip\xc8\v1.44\sources\common\sprcadd.c"
 Parameters:    Size  Location     Type
  b               4   50[BANK0 ] long 
  a               4   54[BANK0 ] long 
 Auto vars:     Size  Location     Type
		None
 Return value:  Size  Location     Type
                  4   50[BANK0 ] long 
 Registers used:
		wreg, status,2, status,0, cstack
 Tracked objects:
		On entry : 
		On exit  : 
		Unchanged: 
 Data sizes:     COMRAM   BANK0   BANK1   BANK2   BANK3   BANK4   BANK5
      Params:         0       8       0       0       0       0       0
      Locals:         0       0       0       0       0       0       0
      Temps:          0       0       0       0       0       0       0
      Totals:         0       8       0       0       0       0       0
Total ram usage:        8 bytes
 Hardware stack levels used:    1
 Hardware stack levels required when called:    5
 This function calls:
		___fladd
 This function is called by:
		_sprintf
 This function uses a non-reentrant model


 *************** function ___fladd *****************
 Defined at:
		line 10 in file "C:\Program Files (x86)\Microchip\xc8\v1.44\sources\common\sprcadd.c"
 Parameters:    Size  Location     Type
  b               4   30[BANK0 ] long 
  a               4   34[BANK0 ] long 
 Auto vars:     Size  Location     Type
  grs             1   49[BANK0 ] unsigned char 
  bexp            1   48[BANK0 ] unsigned char 
  aexp            1   47[BANK0 ] unsigned char 
  signs           1   46[BANK0 ] unsigned char 
 Return value:  Size  Location     Type
                  4   30[BANK0 ] unsigned char 
 Registers used:
		wreg, status,2, status,0
 Tracked objects:
		On entry : 
		On exit  : 
		Unchanged: 
 Data sizes:     COMRAM   BANK0   BANK1   BANK2   BANK3   BANK4   BANK5
      Params:         0       8       0       0       0       0       0
      Locals:         0       4       0       0       0       0       0
      Temps:          0       8       0       0       0       0       0
      Totals:         0      20       0       0       0       0       0
Total ram usage:       20 bytes
 Hardware stack levels used:    1
 Hardware stack levels required when called:    4
 This function calls:
		Nothing
 This function is called by:
		_sprintf
		___flsub
 This function uses a non-reentrant model


 *************** function ___flneg *****************
 Defined at:
		line 15 in file "C:\Program Files (x86)\Microchip\xc8\v1.44\sources\common\flneg.c"
 Parameters:    Size  Location     Type
  f1              4   45[COMRAM] unsigned char 
 Auto vars:     Size  Location     Type
		None
 Return value:  Size  Location     Type
                  4   45[COMRAM] unsigned char 
 Registers used:
		wreg, status,2, status,0
 Tracked objects:
		On entry : 
		On exit  : 
		Unchanged: 
 Data sizes:     COMRAM   BANK0   BANK1   BANK2   BANK3   BANK4   BANK5
      Params:         4       0       0       0       0       0       0
      Locals:         0       0       0       0       0       0       0
      Temps:          0       0       0       0       0       0       0
      Totals:         4       0       0       0       0       0       0
Total ram usage:        4 bytes
 Hardware stack levels used:    1
 Hardware stack levels required when called:    4
 This function calls:
		Nothing
 This function is called by:
		_sprintf
 This function uses a non-reentrant model


 *************** function ___flge *****************
 Defined at:
		line 4 in file "C:\Program Files (x86)\Microchip\xc8\v1.44\sources\common\flge.c"
 Parameters:    Size  Location     Type
  ff1             4   45[COMRAM] unsigned char 
  ff2             4   49[COMRAM] unsigned char 
 Auto vars:     Size  Location     Type
		None
 Return value:  Size  Location     Type
		None               void
 Registers used:
		wreg, status,2, status,0
 Tracked objects:
		On entry : 
		On exit  : 
		Unchanged: 
 Data sizes:     COMRAM   BANK0   BANK1   BANK2   BANK3   BANK4   BANK5
      Params:         8       0       0       0       0       0       0
      Locals:         0       0       0       0       0       0       0
      Temps:          4       0       0       0       0       0       0
      Totals:        12       0       0       0       0       0       0
Total ram usage:       12 bytes
 Hardware stack levels used:    1
 Hardware stack levels required when called:    4
 This function calls:
		Nothing
 This function is called by:
		_sprintf
 This function uses a non-reentrant model


 *************** function _ADC_Read *****************
 Defined at:
		line 13 in file "setting_hardaware/adc.c"
 Parameters:    Size  Location     Type
  channel         2   45[COMRAM] int 
 Auto vars:     Size  Location     Type
  digital         2   49[COMRAM] int 
 Return value:  Size  Location     Type
                  2   45[COMRAM] int 
 Registers used:
		wreg, status,2, status,0
 Tracked objects:
		On entry : 
		On exit  : 
		Unchanged: 
 Data sizes:     COMRAM   BANK0   BANK1   BANK2   BANK3   BANK4   BANK5
      Params:         2       0       0       0       0       0       0
      Locals:         2       0       0       0       0       0       0
      Temps:          2       0       0       0       0       0       0
      Totals:         6       0       0       0       0       0       0
Total ram usage:        6 bytes
 Hardware stack levels used:    1
 Hardware stack levels required when called:    4
 This function calls:
		Nothing
 This function is called by:
		_Mode2
 This function uses a non-reentrant model


 *************** function _Mode1 *****************
 Defined at:
		line 15 in file "main.c"
 Parameters:    Size  Location     Type
		None
 Auto vars:     Size  Location     Type
		None
 Return value:  Size  Location     Type
                  1    wreg      void 
 Registers used:
		wreg, fsr0l, fsr0h, fsr2l, fsr2h, status,2, status,0, tblptrl, tblptrh, tblptru, cstack
 Tracked objects:
		On entry : 
		On exit  : 
		Unchanged: 
 Data sizes:     COMRAM   BANK0   BANK1   BANK2   BANK3   BANK4   BANK5
      Params:         0       0       0       0       0       0       0
      Locals:         0       0       0       0       0       0       0
      Temps:          0       0       0       0       0       0       0
      Totals:         0       0       0       0       0       0       0
Total ram usage:        0 bytes
 Hardware stack levels used:    1
 Hardware stack levels required when called:    6
 This function calls:
		_ClearBuffer
		_UART_Write_Text
 This function is called by:
		_main
 This function uses a non-reentrant model


 *************** function _UART_Write_Text *****************
 Defined at:
		line 50 in file "setting_hardaware/uart.c"
 Parameters:    Size  Location     Type
  text            2   46[COMRAM] PTR unsigned char 
		 -> Mode2@res(20), STR_1(13), 
 Auto vars:     Size  Location     Type
  i               2   50[COMRAM] int 
 Return value:  Size  Location     Type
                  1    wreg      void 
 Registers used:
		wreg, fsr0l, fsr0h, status,2, status,0, tblptrl, tblptrh, tblptru, cstack
 Tracked objects:
		On entry : 
		On exit  : 
		Unchanged: 
 Data sizes:     COMRAM   BANK0   BANK1   BANK2   BANK3   BANK4   BANK5
      Params:         2       0       0       0       0       0       0
      Locals:         2       0       0       0       0       0       0
      Temps:          2       0       0       0       0       0       0
      Totals:         6       0       0       0       0       0       0
Total ram usage:        6 bytes
 Hardware stack levels used:    1
 Hardware stack levels required when called:    5
 This function calls:
		_UART_Write
 This function is called by:
		_Mode1
		_Mode2
 This function uses a non-reentrant model


 *************** function _UART_Write *****************
 Defined at:
		line 40 in file "setting_hardaware/uart.c"
 Parameters:    Size  Location     Type
  data            1    wreg     unsigned char 
 Auto vars:     Size  Location     Type
  data            1   45[COMRAM] unsigned char 
 Return value:  Size  Location     Type
                  1    wreg      void 
 Registers used:
		wreg
 Tracked objects:
		On entry : 
		On exit  : 
		Unchanged: 
 Data sizes:     COMRAM   BANK0   BANK1   BANK2   BANK3   BANK4   BANK5
      Params:         0       0       0       0       0       0       0
      Locals:         1       0       0       0       0       0       0
      Temps:          0       0       0       0       0       0       0
      Totals:         1       0       0       0       0       0       0
Total ram usage:        1 bytes
 Hardware stack levels used:    1
 Hardware stack levels required when called:    4
 This function calls:
		Nothing
 This function is called by:
		_UART_Write_Text
 This function uses a non-reentrant model


 *************** function _ClearBuffer *****************
 Defined at:
		line 55 in file "setting_hardaware/uart.c"
 Parameters:    Size  Location     Type
		None
 Auto vars:     Size  Location     Type
  i               2   45[COMRAM] int 
 Return value:  Size  Location     Type
                  1    wreg      void 
 Registers used:
		wreg, fsr2l, fsr2h, status,2, status,0
 Tracked objects:
		On entry : 
		On exit  : 
		Unchanged: 
 Data sizes:     COMRAM   BANK0   BANK1   BANK2   BANK3   BANK4   BANK5
      Params:         0       0       0       0       0       0       0
      Locals:         2       0       0       0       0       0       0
      Temps:          0       0       0       0       0       0       0
      Totals:         2       0       0       0       0       0       0
Total ram usage:        2 bytes
 Hardware stack levels used:    1
 Hardware stack levels required when called:    4
 This function calls:
		Nothing
 This function is called by:
		_Mode1
		_Mode2
		_main
 This function uses a non-reentrant model


 *************** function _GetString *****************
 Defined at:
		line 46 in file "setting_hardaware/uart.c"
 Parameters:    Size  Location     Type
		None
 Auto vars:     Size  Location     Type
		None
 Return value:  Size  Location     Type
                  2   45[COMRAM] PTR unsigned char 
 Registers used:
		wreg, status,2, status,0
 Tracked objects:
		On entry : 
		On exit  : 
		Unchanged: 
 Data sizes:     COMRAM   BANK0   BANK1   BANK2   BANK3   BANK4   BANK5
      Params:         2       0       0       0       0       0       0
      Locals:         0       0       0       0       0       0       0
      Temps:          0       0       0       0       0       0       0
      Totals:         2       0       0       0       0       0       0
Total ram usage:        2 bytes
 Hardware stack levels used:    1
 Hardware stack levels required when called:    4
 This function calls:
		Nothing
 This function is called by:
		_main
 This function uses a non-reentrant model


 *************** function _Lo_ISR *****************
 Defined at:
		line 75 in file "setting_hardaware/uart.c"
 Parameters:    Size  Location     Type
		None
 Auto vars:     Size  Location     Type
		None
 Return value:  Size  Location     Type
                  1    wreg      void 
 Registers used:
		wreg, fsr2l, fsr2h, status,2, status,0, cstack
 Tracked objects:
		On entry : 
		On exit  : 
		Unchanged: 
 Data sizes:     COMRAM   BANK0   BANK1   BANK2   BANK3   BANK4   BANK5
      Params:         0       0       0       0       0       0       0
      Locals:         0       0       0       0       0       0       0
      Temps:         21       0       0       0       0       0       0
      Totals:        21       0       0       0       0       0       0
Total ram usage:       21 bytes
 Hardware stack levels used:    1
 Hardware stack levels required when called:    3
 This function calls:
		_MyusartRead
 This function is called by:
		Interrupt level 1
 This function uses a non-reentrant model


 *************** function _MyusartRead *****************
 Defined at:
		line 61 in file "setting_hardaware/uart.c"
 Parameters:    Size  Location     Type
		None
 Auto vars:     Size  Location     Type
		None
 Return value:  Size  Location     Type
                  1    wreg      void 
 Registers used:
		wreg, fsr2l, fsr2h, status,2, status,0, cstack
 Tracked objects:
		On entry : 
		On exit  : 
		Unchanged: 
 Data sizes:     COMRAM   BANK0   BANK1   BANK2   BANK3   BANK4   BANK5
      Params:         0       0       0       0       0       0       0
      Locals:         0       0       0       0       0       0       0
      Temps:          0       0       0       0       0       0       0
      Totals:         0       0       0       0       0       0       0
Total ram usage:        0 bytes
 Hardware stack levels used:    1
 Hardware stack levels required when called:    2
 This function calls:
		i1_UART_Write
		i1___awmod
 This function is called by:
		_Lo_ISR
 This function uses a non-reentrant model


 *************** function i1___awmod *****************
 Defined at:
		line 8 in file "C:\Program Files (x86)\Microchip\xc8\v1.44\sources\common\awmod.c"
 Parameters:    Size  Location     Type
  dividend        2   18[COMRAM] int 
  divisor         2   20[COMRAM] int 
 Auto vars:     Size  Location     Type
  __awmod         1   23[COMRAM] unsigned char 
  __awmod         1   22[COMRAM] unsigned char 
 Return value:  Size  Location     Type
                  2   18[COMRAM] int 
 Registers used:
		wreg, status,2, status,0
 Tracked objects:
		On entry : 
		On exit  : 
		Unchanged: 
 Data sizes:     COMRAM   BANK0   BANK1   BANK2   BANK3   BANK4   BANK5
      Params:         4       0       0       0       0       0       0
      Locals:         2       0       0       0       0       0       0
      Temps:          0       0       0       0       0       0       0
      Totals:         6       0       0       0       0       0       0
Total ram usage:        6 bytes
 Hardware stack levels used:    1
 Hardware stack levels required when called:    1
 This function calls:
		Nothing
 This function is called by:
		_MyusartRead
 This function uses a non-reentrant model


 *************** function i1_UART_Write *****************
 Defined at:
		line 40 in file "setting_hardaware/uart.c"
 Parameters:    Size  Location     Type
  data            1    wreg     unsigned char 
 Auto vars:     Size  Location     Type
  data            1   18[COMRAM] unsigned char 
 Return value:  Size  Location     Type
                  1    wreg      void 
 Registers used:
		wreg
 Tracked objects:
		On entry : 
		On exit  : 
		Unchanged: 
 Data sizes:     COMRAM   BANK0   BANK1   BANK2   BANK3   BANK4   BANK5
      Params:         0       0       0       0       0       0       0
      Locals:         1       0       0       0       0       0       0
      Temps:          0       0       0       0       0       0       0
      Totals:         1       0       0       0       0       0       0
Total ram usage:        1 bytes
 Hardware stack levels used:    1
 Hardware stack levels required when called:    1
 This function calls:
		Nothing
 This function is called by:
		_MyusartRead
 This function uses a non-reentrant model


 *************** function _Hi_ISR *****************
 Defined at:
		line 75 in file "main.c"
 Parameters:    Size  Location     Type
		None
 Auto vars:     Size  Location     Type
		None
 Return value:  Size  Location     Type
                  1    wreg      void 
 Registers used:
		wreg, status,2
 Tracked objects:
		On entry : 
		On exit  : 
		Unchanged: 
 Data sizes:     COMRAM   BANK0   BANK1   BANK2   BANK3   BANK4   BANK5
      Params:         0       0       0       0       0       0       0
      Locals:         0       0       0       0       0       0       0
      Temps:         18       0       0       0       0       0       0
      Totals:        18       0       0       0       0       0       0
Total ram usage:       18 bytes
 Hardware stack levels used:    1
 This function calls:
		Nothing
 This function is called by:
		Interrupt level 2
 This function uses a non-reentrant model



MODULE INFORMATION

Module		Function		Class		Link	Load	Size
C:\Program Files (x86)\Microchip\xc8\v1.44\sources\common\llmod.c
		___llmod       		CODE           	23F4	0000	103

C:\Program Files (x86)\Microchip\xc8\v1.44\sources\common\llmod.c estimated size: 103

setting_hardaware/interrupt_manager.c
		_INTERRUPT_Initialize		CODE           	2696	0000	9

setting_hardaware/interrupt_manager.c estimated size: 9

C:\Program Files (x86)\Microchip\xc8\v1.44\sources\common\xxtofl.c
		___xxtofl      		CODE           	1A96	0000	337

C:\Program Files (x86)\Microchip\xc8\v1.44\sources\common\xxtofl.c estimated size: 337

C:\Program Files (x86)\Microchip\xc8\v1.44\sources\common\flge.c
		___flge        		CODE           	1E40	0000	289

C:\Program Files (x86)\Microchip\xc8\v1.44\sources\common\flge.c estimated size: 289

setting_hardaware/uart.c
		_Lo_ISR        		CODE           	0018	0000	193
		_MyusartRead   		CODE           	24EA	0000	69
		_UART_Write_Text		CODE           	22A2	0000	115
		_GetString     		CODE           	268C	0000	11
		_ClearBuffer   		CODE           	252E	0000	57
		_UART_Initialize		CODE           	25EA	0000	35
		_UART_Write    		CODE           	2674	0000	13

setting_hardaware/uart.c estimated size: 493

C:\Program Files (x86)\Microchip\xc8\v1.44\sources\common\awmod.c
		___awmod       		CODE           	2314	0000	113

C:\Program Files (x86)\Microchip\xc8\v1.44\sources\common\awmod.c estimated size: 113

C:\Program Files (x86)\Microchip\xc8\v1.44\sources\common\sprcmul.c
		___flmul       		CODE           	1174	0000	851

C:\Program Files (x86)\Microchip\xc8\v1.44\sources\common\sprcmul.c estimated size: 851

C:\Program Files (x86)\Microchip\xc8\v1.44\sources\common\doprnt.c
		_scale         		CODE           	0D24	0000	1105
		_sprintf       		CODE           	06A2	0000	1667
		_fround        		CODE           	1804	0000	659

C:\Program Files (x86)\Microchip\xc8\v1.44\sources\common\doprnt.c estimated size: 3431

C:\Program Files (x86)\Microchip\xc8\v1.44\sources\common\fltol.c
		___fltol       		CODE           	1F60	0000	223

C:\Program Files (x86)\Microchip\xc8\v1.44\sources\common\fltol.c estimated size: 223

setting_hardaware/ccp1.c
		_CCP1_Initialize		CODE           	2668	0000	13

setting_hardaware/ccp1.c estimated size: 13

setting_hardaware/adc.c
		_ADC_Initialize		CODE           	262C	0000	25
		_ADC_Read      		CODE           	2566	0000	49

setting_hardaware/adc.c estimated size: 74

C:\Program Files (x86)\Microchip\xc8\v1.44\sources\common\ftdivl.c
		__tdiv_to_l_   		CODE           	1BE6	0000	307

C:\Program Files (x86)\Microchip\xc8\v1.44\sources\common\ftdivl.c estimated size: 307

C:\Program Files (x86)\Microchip\xc8\v1.44\sources\common\lldiv.c
		___lldiv       		CODE           	2220	0000	131

C:\Program Files (x86)\Microchip\xc8\v1.44\sources\common\lldiv.c estimated size: 131

C:\Program Files (x86)\Microchip\xc8\v1.44\sources\common\Umul16.c
		___wmul        		CODE           	25C4	0000	39

C:\Program Files (x86)\Microchip\xc8\v1.44\sources\common\Umul16.c estimated size: 39

shared
		__powers_      		SMALLCONST     	0601	0000	53
		_dpowers       		SMALLCONST     	0669	0000	41
		i1_UART_Write  		CODE           	2680	0000	13
		__npowers_     		SMALLCONST     	0635	0000	53
		__initialization		CODE           	260C	0000	19
		i1___awmod     		CODE           	2384	0000	113

shared estimated size: 292

C:\Program Files (x86)\Microchip\xc8\v1.44\sources\common\awdiv.c
		___awdiv       		CODE           	219C	0000	133

C:\Program Files (x86)\Microchip\xc8\v1.44\sources\common\awdiv.c estimated size: 133

setting_hardaware/setting.c
		_SYSTEM_Initialize		CODE           	2644	0000	19

setting_hardaware/setting.c estimated size: 19

C:\Program Files (x86)\Microchip\xc8\v1.44\sources\common\flneg.c
		___flneg       		CODE           	2596	0000	47

C:\Program Files (x86)\Microchip\xc8\v1.44\sources\common\flneg.c estimated size: 47

C:\Program Files (x86)\Microchip\xc8\v1.44\sources\common\sprcadd.c
		___flsub       		CODE           	24A2	0000	73
		___fladd       		CODE           	14C6	0000	831

C:\Program Files (x86)\Microchip\xc8\v1.44\sources\common\sprcadd.c estimated size: 904

C:\Program Files (x86)\Microchip\xc8\v1.44\sources\common\fldivl.c
		__div_to_l_    		CODE           	1D18	0000	297

C:\Program Files (x86)\Microchip\xc8\v1.44\sources\common\fldivl.c estimated size: 297

main.c
		_main          		CODE           	245A	0000	73
		_Mode1         		CODE           	2656	0000	19
		_Mode2         		CODE           	203E	0000	185
		_Hi_ISR        		CODE           	0008	0000	173

main.c estimated size: 450

