MPLINK 5.08, LINKER
Linker Map File - Created Thu Nov 08 17:30:01 2018

                                 Section Info
                  Section       Type    Address   Location Size(Bytes)
                ---------  ---------  ---------  ---------  ---------
                   .org_0       code   0x000000    program   0x000074
                   .cinit    romdata   0x000074    program   0x000002
.config_300001_BUILD/DEFAULT/PRODUCTION/NEWASMT    romdata   0x300001    program   0x000001
.config_300003_BUILD/DEFAULT/PRODUCTION/NEWASMT    romdata   0x300003    program   0x000001
.config_300006_BUILD/DEFAULT/PRODUCTION/NEWASMT    romdata   0x300006    program   0x000001



                              Program Memory Usage 
                               Start         End      
                           ---------   ---------      
                            0x000000    0x000075      
                            0x300001    0x300001      
                            0x300003    0x300003      
                            0x300006    0x300006      
            121 out of 33048 program addresses used, program memory utilization is 0%



                              Symbols - Sorted by Name
                     Name    Address   Location    Storage File                     
                ---------  ---------  ---------  --------- ---------                
                    LOOPL   0x000012    program     static D:\micro_control_LAB\lab6.X\newAsmTemplate.asm
                    LOOPR   0x000052    program     static D:\micro_control_LAB\lab6.X\newAsmTemplate.asm
                  _1LOOP1   0x00001c    program     static D:\micro_control_LAB\lab6.X\newAsmTemplate.asm
                  _1LOOP2   0x000018    program     static D:\micro_control_LAB\lab6.X\newAsmTemplate.asm
                  _2LOOP1   0x00003e    program     static D:\micro_control_LAB\lab6.X\newAsmTemplate.asm
                  _2LOOP2   0x00003a    program     static D:\micro_control_LAB\lab6.X\newAsmTemplate.asm
                  _3LOOP1   0x00005c    program     static D:\micro_control_LAB\lab6.X\newAsmTemplate.asm
                  _3LOOP2   0x000058    program     static D:\micro_control_LAB\lab6.X\newAsmTemplate.asm



                              Symbols - Sorted by Address
                     Name    Address   Location    Storage File                     
                ---------  ---------  ---------  --------- ---------                
                    LOOPL   0x000012    program     static D:\micro_control_LAB\lab6.X\newAsmTemplate.asm
                  _1LOOP2   0x000018    program     static D:\micro_control_LAB\lab6.X\newAsmTemplate.asm
                  _1LOOP1   0x00001c    program     static D:\micro_control_LAB\lab6.X\newAsmTemplate.asm
                  _2LOOP2   0x00003a    program     static D:\micro_control_LAB\lab6.X\newAsmTemplate.asm
                  _2LOOP1   0x00003e    program     static D:\micro_control_LAB\lab6.X\newAsmTemplate.asm
                    LOOPR   0x000052    program     static D:\micro_control_LAB\lab6.X\newAsmTemplate.asm
                  _3LOOP2   0x000058    program     static D:\micro_control_LAB\lab6.X\newAsmTemplate.asm
                  _3LOOP1   0x00005c    program     static D:\micro_control_LAB\lab6.X\newAsmTemplate.asm


